Info: Starting: Create block symbol file (.bsf)
Info: ip-generate --project-directory=C:/Tutorials/DE2_115_uClinux/ --output-directory=C:/Tutorials/DE2_115_uClinux/qsys/ --report-file=bsf:C:/Tutorials/DE2_115_uClinux/qsys.bsf --system-info=DEVICE_FAMILY="Cyclone IV E" --system-info=DEVICE=EP4CE115F29C7 --system-info=DEVICE_SPEEDGRADE=7 --component-file=C:/Tutorials/DE2_115_uClinux/qsys.qsys
Progress: Loading DE2_115_uClinux/qsys.qsys
Progress: Reading input file
Progress: Adding clk_50 [clock_source 12.1]
Progress: Parameterizing module clk_50
Progress: Adding cpu [altera_nios2_qsys 12.1]
Progress: Parameterizing module cpu
Progress: Adding ram_re [altera_avalon_onchip_memory2 12.1]
Progress: Parameterizing module ram_re
Progress: Adding ram_mmu [altera_avalon_onchip_memory2 12.1]
Progress: Parameterizing module ram_mmu
Progress: Adding sdram [altera_avalon_new_sdram_controller 12.1]
Progress: Parameterizing module sdram
Progress: Adding jtag [altera_avalon_jtag_uart 12.1]
Progress: Parameterizing module jtag
Progress: Adding timer [altera_avalon_timer 12.1]
Progress: Parameterizing module timer
Progress: Building connections
Progress: Parameterizing connections
Progress: Validating
Progress: Done reading input file
Info: qsys.ram_re: Memory will be initialized from ram_re.hex
Info: qsys.ram_mmu: Memory will be initialized from ram_mmu.hex
Info: ip-generate succeeded.
Info: Finished: Create block symbol file (.bsf)
Info: 
Info: Starting: Create HDL design files for synthesis
Info: ip-generate --project-directory=C:/Tutorials/DE2_115_uClinux/ --output-directory=C:/Tutorials/DE2_115_uClinux/qsys/synthesis/ --file-set=QUARTUS_SYNTH --report-file=sopcinfo:C:/Tutorials/DE2_115_uClinux/qsys.sopcinfo --report-file=html:C:/Tutorials/DE2_115_uClinux/qsys.html --report-file=qip:C:/Tutorials/DE2_115_uClinux/qsys/synthesis/qsys.qip --report-file=cmp:C:/Tutorials/DE2_115_uClinux/qsys.cmp --system-info=DEVICE_FAMILY="Cyclone IV E" --system-info=DEVICE=EP4CE115F29C7 --system-info=DEVICE_SPEEDGRADE=7 --component-file=C:/Tutorials/DE2_115_uClinux/qsys.qsys
Progress: Loading DE2_115_uClinux/qsys.qsys
Progress: Reading input file
Progress: Adding clk_50 [clock_source 12.1]
Progress: Parameterizing module clk_50
Progress: Adding cpu [altera_nios2_qsys 12.1]
Progress: Parameterizing module cpu
Progress: Adding ram_re [altera_avalon_onchip_memory2 12.1]
Progress: Parameterizing module ram_re
Progress: Adding ram_mmu [altera_avalon_onchip_memory2 12.1]
Progress: Parameterizing module ram_mmu
Progress: Adding sdram [altera_avalon_new_sdram_controller 12.1]
Progress: Parameterizing module sdram
Progress: Adding jtag [altera_avalon_jtag_uart 12.1]
Progress: Parameterizing module jtag
Progress: Adding timer [altera_avalon_timer 12.1]
Progress: Parameterizing module timer
Progress: Building connections
Progress: Parameterizing connections
Progress: Validating
Progress: Done reading input file
Info: qsys.ram_re: Memory will be initialized from ram_re.hex
Info: qsys.ram_mmu: Memory will be initialized from ram_mmu.hex
Info: qsys: Generating qsys "qsys" for QUARTUS_SYNTH
Info: pipeline_bridge_swap_transform: After transform: 7 modules, 32 connections
Info: No custom instruction connections, skipping transform 
Info: merlin_translator_transform: After transform: 16 modules, 68 connections
Info: merlin_domain_transform: After transform: 33 modules, 182 connections
Info: merlin_router_transform: After transform: 42 modules, 218 connections
Info: merlin_traffic_limiter_transform: After transform: 44 modules, 228 connections
Info: reset_adaptation_transform: After transform: 45 modules, 179 connections
Info: merlin_network_to_switch_transform: After transform: 62 modules, 215 connections
Info: limiter_update_transform: After transform: 62 modules, 217 connections
Info: merlin_interrupt_mapper_transform: After transform: 63 modules, 220 connections
Info: cpu: Starting RTL generation for module 'qsys_cpu'
Info: cpu:   Generation command is [exec C:/altera/12.1/quartus/../ip/altera/nios2_ip/altera_nios2/eperl.exe -I C:/altera/12.1/quartus/common/ip/altera/common/perl/5.8.3 -I C:/altera/12.1/quartus/sopc_builder/bin/europa -I C:/altera/12.1/quartus/sopc_builder/bin/perl_lib -I C:/altera/12.1/quartus/sopc_builder/bin -I C:/altera/12.1/quartus/../ip/altera/nios2_ip/altera_nios2/cpu_lib -I C:/altera/12.1/quartus/../ip/altera/nios2_ip/altera_nios2/nios_lib -I C:/altera/12.1/quartus/../ip/altera/nios2_ip/altera_nios2 -I C:/altera/12.1/quartus/../ip/altera/nios2_ip/altera_nios2 -- C:/altera/12.1/quartus/../ip/altera/nios2_ip/altera_nios2/generate_rtl.epl --name=qsys_cpu --dir=C:/Users/Mahdi/AppData/Local/Temp/alt5778_323761553017948955.dir/0001_cpu_gen/ --quartus_dir=C:/altera/12.1/quartus --verilog --config=C:/Users/Mahdi/AppData/Local/Temp/alt5778_323761553017948955.dir/0001_cpu_gen//qsys_cpu_processor_configuration.pl  --do_build_sim=0    --bogus  ]
Info: cpu: # 2013.03.14 07:53:24 (*) Starting Nios II generation
Info: cpu: # 2013.03.14 07:53:24 (*)   Checking for plaintext license.
Info: cpu: # 2013.03.14 07:53:25 (*)   Plaintext license not found.
Info: cpu: # 2013.03.14 07:53:25 (*)   Checking for encrypted license (non-evaluation).
Info: cpu: # 2013.03.14 07:53:25 (*)   Encrypted license found.  SOF will not be time-limited.
Info: cpu: # 2013.03.14 07:53:25 (*)   Elaborating CPU configuration settings
Info: cpu: # 2013.03.14 07:53:26 (*)   Creating all objects for CPU
Info: cpu: # 2013.03.14 07:53:26 (*)     Testbench
Info: cpu: # 2013.03.14 07:53:26 (*)     Instruction decoding
Info: cpu: # 2013.03.14 07:53:26 (*)       Instruction fields
Info: cpu: # 2013.03.14 07:53:26 (*)       Instruction decodes
Info: cpu: # 2013.03.14 07:53:27 (*)       Signals for RTL simulation waveforms
Info: cpu: # 2013.03.14 07:53:27 (*)       Instruction controls
Info: cpu: # 2013.03.14 07:53:27 (*)     Pipeline frontend
Info: cpu: # 2013.03.14 07:53:27 (*)       Micro-ITLB
Info: cpu: # 2013.03.14 07:53:27 (*)     Pipeline backend
Info: cpu: # 2013.03.14 07:53:28 (*)       Micro-DTLB
Info: cpu: # 2013.03.14 07:53:28 (*)     TLB
Info: cpu: # 2013.03.14 07:53:31 (*)   Generating RTL from CPU objects
Info: cpu: # 2013.03.14 07:53:36 (*)   Creating encrypted RTL
Info: cpu: # 2013.03.14 07:53:37 (*) Done Nios II generation
Info: cpu: Done RTL generation for module 'qsys_cpu'
Info: cpu: "qsys" instantiated altera_nios2_qsys "cpu"
Info: Starting classic module elaboration.
Qt: Untested Windows version 6.2 detected!
"c:/altera/12.1/quartus/bin/jre/bin/java.exe" -Xmx512M -classpath "c:/altera/12.1/quartus/sopc_builder/bin/sopc_builder.jar;c:/altera/12.1/quartus/sopc_builder/bin/PinAssigner.jar;c:/altera/12.1/quartus/sopc_builder/bin/sopc_wizard.jar;c:/altera/12.1/quartus/sopc_builder/bin/jptf.jar" sopc_builder.sopc_builder  -d"c:/altera/12.1/quartus/sopc_builder" -notalkback=1 -projectnameyysystem.qpf -projectpathC:/Users/Mahdi/AppData/Local/Temp/alt5778_323761553017948955.dir/0002_sopclgen  --no_splash --refresh C:/Users/Mahdi/AppData/Local/Temp/alt5778_323761553017948955.dir/0002_sopclgen/yysystem.v --quartus_dir="c:/altera/12.1/quartus" --sopc_perl="c:/altera/12.1/quartus/bin/perl" --sopc_lib_path="++c:/altera/12.1/quartus/../ip/altera/sopc_builder_ip+c:/altera/12.1/quartus/../ip/altera/nios2_ip"
Info: Finished elaborating classic module.
Executing: C:/altera/12.1/quartus//sopc_builder/bin/sopc_builder --classic --generate C:/Users/Mahdi/AppData/Local/Temp/alt5778_323761553017948955.dir/0002_sopclgen/yysystem.ptf
Info: Running sopc_builder...
Qt: Untested Windows version 6.2 detected!
"c:/altera/12.1/quartus/bin/jre/bin/java.exe" -Xmx512M -classpath "c:/altera/12.1/quartus/sopc_builder/bin/sopc_builder.jar;c:/altera/12.1/quartus/sopc_builder/bin/PinAssigner.jar;c:/altera/12.1/quartus/sopc_builder/bin/sopc_wizard.jar;c:/altera/12.1/quartus/sopc_builder/bin/jptf.jar" sopc_builder.sopc_builder  -d"c:/altera/12.1/quartus/sopc_builder" -notalkback=1 -projectnameyysystem.qpf -projectpathC:/Users/Mahdi/AppData/Local/Temp/alt5778_323761553017948955.dir/0002_sopclgen  --generate C:/Users/Mahdi/AppData/Local/Temp/alt5778_323761553017948955.dir/0002_sopclgen/yysystem.v --quartus_dir="c:/altera/12.1/quartus" --sopc_perl="c:/altera/12.1/quartus/bin/perl" --sopc_lib_path="++c:/altera/12.1/quartus/../ip/altera/sopc_builder_ip+c:/altera/12.1/quartus/../ip/altera/nios2_ip"
No .sopc_builder configuration file(!)
.
# 2013.03.14 07:53:47 (*) Success: sopc_builder finished.
Info: ram_re: "qsys" instantiated altera_avalon_onchip_memory2 "ram_re"
Info: Starting classic module elaboration.
Qt: Untested Windows version 6.2 detected!
"c:/altera/12.1/quartus/bin/jre/bin/java.exe" -Xmx512M -classpath "c:/altera/12.1/quartus/sopc_builder/bin/sopc_builder.jar;c:/altera/12.1/quartus/sopc_builder/bin/PinAssigner.jar;c:/altera/12.1/quartus/sopc_builder/bin/sopc_wizard.jar;c:/altera/12.1/quartus/sopc_builder/bin/jptf.jar" sopc_builder.sopc_builder  -d"c:/altera/12.1/quartus/sopc_builder" -notalkback=1 -projectnameyysystem.qpf -projectpathC:/Users/Mahdi/AppData/Local/Temp/alt5778_323761553017948955.dir/0003_sopclgen  --no_splash --refresh C:/Users/Mahdi/AppData/Local/Temp/alt5778_323761553017948955.dir/0003_sopclgen/yysystem.v --quartus_dir="c:/altera/12.1/quartus" --sopc_perl="c:/altera/12.1/quartus/bin/perl" --sopc_lib_path="++c:/altera/12.1/quartus/../ip/altera/sopc_builder_ip+c:/altera/12.1/quartus/../ip/altera/nios2_ip"
Info: Finished elaborating classic module.
Executing: C:/altera/12.1/quartus//sopc_builder/bin/sopc_builder --classic --generate C:/Users/Mahdi/AppData/Local/Temp/alt5778_323761553017948955.dir/0003_sopclgen/yysystem.ptf
Info: Running sopc_builder...
Qt: Untested Windows version 6.2 detected!
"c:/altera/12.1/quartus/bin/jre/bin/java.exe" -Xmx512M -classpath "c:/altera/12.1/quartus/sopc_builder/bin/sopc_builder.jar;c:/altera/12.1/quartus/sopc_builder/bin/PinAssigner.jar;c:/altera/12.1/quartus/sopc_builder/bin/sopc_wizard.jar;c:/altera/12.1/quartus/sopc_builder/bin/jptf.jar" sopc_builder.sopc_builder  -d"c:/altera/12.1/quartus/sopc_builder" -notalkback=1 -projectnameyysystem.qpf -projectpathC:/Users/Mahdi/AppData/Local/Temp/alt5778_323761553017948955.dir/0003_sopclgen  --generate C:/Users/Mahdi/AppData/Local/Temp/alt5778_323761553017948955.dir/0003_sopclgen/yysystem.v --quartus_dir="c:/altera/12.1/quartus" --sopc_perl="c:/altera/12.1/quartus/bin/perl" --sopc_lib_path="++c:/altera/12.1/quartus/../ip/altera/sopc_builder_ip+c:/altera/12.1/quartus/../ip/altera/nios2_ip"
No .sopc_builder configuration file(!)
..
# 2013.03.14 07:53:54 (*) Success: sopc_builder finished.
Info: ram_mmu: "qsys" instantiated altera_avalon_onchip_memory2 "ram_mmu"
Info: Starting classic module elaboration.
Qt: Untested Windows version 6.2 detected!
"c:/altera/12.1/quartus/bin/jre/bin/java.exe" -Xmx512M -classpath "c:/altera/12.1/quartus/sopc_builder/bin/sopc_builder.jar;c:/altera/12.1/quartus/sopc_builder/bin/PinAssigner.jar;c:/altera/12.1/quartus/sopc_builder/bin/sopc_wizard.jar;c:/altera/12.1/quartus/sopc_builder/bin/jptf.jar" sopc_builder.sopc_builder  -d"c:/altera/12.1/quartus/sopc_builder" -notalkback=1 -projectnameyysystem.qpf -projectpathC:/Users/Mahdi/AppData/Local/Temp/alt5778_323761553017948955.dir/0004_sopclgen  --no_splash --refresh C:/Users/Mahdi/AppData/Local/Temp/alt5778_323761553017948955.dir/0004_sopclgen/yysystem.v --quartus_dir="c:/altera/12.1/quartus" --sopc_perl="c:/altera/12.1/quartus/bin/perl" --sopc_lib_path="++c:/altera/12.1/quartus/../ip/altera/sopc_builder_ip+c:/altera/12.1/quartus/../ip/altera/nios2_ip"
Info: Finished elaborating classic module.
Executing: C:/altera/12.1/quartus//sopc_builder/bin/sopc_builder --classic --generate C:/Users/Mahdi/AppData/Local/Temp/alt5778_323761553017948955.dir/0004_sopclgen/yysystem.ptf
Info: Running sopc_builder...
Qt: Untested Windows version 6.2 detected!
"c:/altera/12.1/quartus/bin/jre/bin/java.exe" -Xmx512M -classpath "c:/altera/12.1/quartus/sopc_builder/bin/sopc_builder.jar;c:/altera/12.1/quartus/sopc_builder/bin/PinAssigner.jar;c:/altera/12.1/quartus/sopc_builder/bin/sopc_wizard.jar;c:/altera/12.1/quartus/sopc_builder/bin/jptf.jar" sopc_builder.sopc_builder  -d"c:/altera/12.1/quartus/sopc_builder" -notalkback=1 -projectnameyysystem.qpf -projectpathC:/Users/Mahdi/AppData/Local/Temp/alt5778_323761553017948955.dir/0004_sopclgen  --generate C:/Users/Mahdi/AppData/Local/Temp/alt5778_323761553017948955.dir/0004_sopclgen/yysystem.v --quartus_dir="c:/altera/12.1/quartus" --sopc_perl="c:/altera/12.1/quartus/bin/perl" --sopc_lib_path="++c:/altera/12.1/quartus/../ip/altera/sopc_builder_ip+c:/altera/12.1/quartus/../ip/altera/nios2_ip"
No .sopc_builder configuration file(!)
.
.
# 2013.03.14 07:53:59 (*) Running Test Generator Program for qsys_sdram
# 2013.03.14 07:54:00 (*) Success: sopc_builder finished.
Info: sdram: "qsys" instantiated altera_avalon_new_sdram_controller "sdram"
Info: Starting classic module elaboration.
Qt: Untested Windows version 6.2 detected!
"c:/altera/12.1/quartus/bin/jre/bin/java.exe" -Xmx512M -classpath "c:/altera/12.1/quartus/sopc_builder/bin/sopc_builder.jar;c:/altera/12.1/quartus/sopc_builder/bin/PinAssigner.jar;c:/altera/12.1/quartus/sopc_builder/bin/sopc_wizard.jar;c:/altera/12.1/quartus/sopc_builder/bin/jptf.jar" sopc_builder.sopc_builder  -d"c:/altera/12.1/quartus/sopc_builder" -notalkback=1 -projectnameyysystem.qpf -projectpathC:/Users/Mahdi/AppData/Local/Temp/alt5778_323761553017948955.dir/0005_sopclgen  --no_splash --refresh C:/Users/Mahdi/AppData/Local/Temp/alt5778_323761553017948955.dir/0005_sopclgen/yysystem.v --quartus_dir="c:/altera/12.1/quartus" --sopc_perl="c:/altera/12.1/quartus/bin/perl" --sopc_lib_path="++c:/altera/12.1/quartus/../ip/altera/sopc_builder_ip+c:/altera/12.1/quartus/../ip/altera/nios2_ip"
Info: Finished elaborating classic module.
Executing: C:/altera/12.1/quartus//sopc_builder/bin/sopc_builder --classic --generate C:/Users/Mahdi/AppData/Local/Temp/alt5778_323761553017948955.dir/0005_sopclgen/yysystem.ptf
Info: Running sopc_builder...
Qt: Untested Windows version 6.2 detected!
"c:/altera/12.1/quartus/bin/jre/bin/java.exe" -Xmx512M -classpath "c:/altera/12.1/quartus/sopc_builder/bin/sopc_builder.jar;c:/altera/12.1/quartus/sopc_builder/bin/PinAssigner.jar;c:/altera/12.1/quartus/sopc_builder/bin/sopc_wizard.jar;c:/altera/12.1/quartus/sopc_builder/bin/jptf.jar" sopc_builder.sopc_builder  -d"c:/altera/12.1/quartus/sopc_builder" -notalkback=1 -projectnameyysystem.qpf -projectpathC:/Users/Mahdi/AppData/Local/Temp/alt5778_323761553017948955.dir/0005_sopclgen  --generate C:/Users/Mahdi/AppData/Local/Temp/alt5778_323761553017948955.dir/0005_sopclgen/yysystem.v --quartus_dir="c:/altera/12.1/quartus" --sopc_perl="c:/altera/12.1/quartus/bin/perl" --sopc_lib_path="++c:/altera/12.1/quartus/../ip/altera/sopc_builder_ip+c:/altera/12.1/quartus/../ip/altera/nios2_ip"
No .sopc_builder configuration file(!)
.
# 2013.03.14 07:54:06 (*) Success: sopc_builder finished.
Info: jtag: "qsys" instantiated altera_avalon_jtag_uart "jtag"
Info: Starting classic module elaboration.
Qt: Untested Windows version 6.2 detected!
"c:/altera/12.1/quartus/bin/jre/bin/java.exe" -Xmx512M -classpath "c:/altera/12.1/quartus/sopc_builder/bin/sopc_builder.jar;c:/altera/12.1/quartus/sopc_builder/bin/PinAssigner.jar;c:/altera/12.1/quartus/sopc_builder/bin/sopc_wizard.jar;c:/altera/12.1/quartus/sopc_builder/bin/jptf.jar" sopc_builder.sopc_builder  -d"c:/altera/12.1/quartus/sopc_builder" -notalkback=1 -projectnameyysystem.qpf -projectpathC:/Users/Mahdi/AppData/Local/Temp/alt5778_323761553017948955.dir/0006_sopclgen  --no_splash --refresh C:/Users/Mahdi/AppData/Local/Temp/alt5778_323761553017948955.dir/0006_sopclgen/yysystem.v --quartus_dir="c:/altera/12.1/quartus" --sopc_perl="c:/altera/12.1/quartus/bin/perl" --sopc_lib_path="++c:/altera/12.1/quartus/../ip/altera/sopc_builder_ip+c:/altera/12.1/quartus/../ip/altera/nios2_ip"
Info: Finished elaborating classic module.
Executing: C:/altera/12.1/quartus//sopc_builder/bin/sopc_builder --classic --generate C:/Users/Mahdi/AppData/Local/Temp/alt5778_323761553017948955.dir/0006_sopclgen/yysystem.ptf
Info: Running sopc_builder...
Qt: Untested Windows version 6.2 detected!
"c:/altera/12.1/quartus/bin/jre/bin/java.exe" -Xmx512M -classpath "c:/altera/12.1/quartus/sopc_builder/bin/sopc_builder.jar;c:/altera/12.1/quartus/sopc_builder/bin/PinAssigner.jar;c:/altera/12.1/quartus/sopc_builder/bin/sopc_wizard.jar;c:/altera/12.1/quartus/sopc_builder/bin/jptf.jar" sopc_builder.sopc_builder  -d"c:/altera/12.1/quartus/sopc_builder" -notalkback=1 -projectnameyysystem.qpf -projectpathC:/Users/Mahdi/AppData/Local/Temp/alt5778_323761553017948955.dir/0006_sopclgen  --generate C:/Users/Mahdi/AppData/Local/Temp/alt5778_323761553017948955.dir/0006_sopclgen/yysystem.v --quartus_dir="c:/altera/12.1/quartus" --sopc_perl="c:/altera/12.1/quartus/bin/perl" --sopc_lib_path="++c:/altera/12.1/quartus/../ip/altera/sopc_builder_ip+c:/altera/12.1/quartus/../ip/altera/nios2_ip"
No .sopc_builder configuration file(!)
.
# 2013.03.14 07:54:11 (*) Success: sopc_builder finished.
Info: timer: "qsys" instantiated altera_avalon_timer "timer"
Info: cpu_instruction_master_translator: "qsys" instantiated altera_merlin_master_translator "cpu_instruction_master_translator"
Info: cpu_jtag_debug_module_translator: "qsys" instantiated altera_merlin_slave_translator "cpu_jtag_debug_module_translator"
Info: cpu_instruction_master_translator_avalon_universal_master_0_agent: "qsys" instantiated altera_merlin_master_agent "cpu_instruction_master_translator_avalon_universal_master_0_agent"
Info: cpu_jtag_debug_module_translator_avalon_universal_slave_0_agent: "qsys" instantiated altera_merlin_slave_agent "cpu_jtag_debug_module_translator_avalon_universal_slave_0_agent"
Info: cpu_jtag_debug_module_translator_avalon_universal_slave_0_agent_rsp_fifo: "qsys" instantiated altera_avalon_sc_fifo "cpu_jtag_debug_module_translator_avalon_universal_slave_0_agent_rsp_fifo"
Info: addr_router: "qsys" instantiated altera_merlin_router "addr_router"
Info: addr_router_001: "qsys" instantiated altera_merlin_router "addr_router_001"
Info: id_router: "qsys" instantiated altera_merlin_router "id_router"
Info: id_router_002: "qsys" instantiated altera_merlin_router "id_router_002"
Info: id_router_003: "qsys" instantiated altera_merlin_router "id_router_003"
Info: limiter: "qsys" instantiated altera_merlin_traffic_limiter "limiter"
Info: rst_controller: "qsys" instantiated altera_reset_controller "rst_controller"
Info: cmd_xbar_demux: "qsys" instantiated altera_merlin_demultiplexer "cmd_xbar_demux"
Info: cmd_xbar_demux_001: "qsys" instantiated altera_merlin_demultiplexer "cmd_xbar_demux_001"
Info: cmd_xbar_mux: "qsys" instantiated altera_merlin_multiplexer "cmd_xbar_mux"
Info: rsp_xbar_demux: "qsys" instantiated altera_merlin_demultiplexer "rsp_xbar_demux"
Info: rsp_xbar_demux_002: "qsys" instantiated altera_merlin_demultiplexer "rsp_xbar_demux_002"
Info: rsp_xbar_mux: "qsys" instantiated altera_merlin_multiplexer "rsp_xbar_mux"
Info: Reusing file C:/Tutorials/DE2_115_uClinux/qsys/synthesis/submodules/altera_merlin_arbitrator.sv
Info: rsp_xbar_mux_001: "qsys" instantiated altera_merlin_multiplexer "rsp_xbar_mux_001"
Info: Reusing file C:/Tutorials/DE2_115_uClinux/qsys/synthesis/submodules/altera_merlin_arbitrator.sv
Info: irq_mapper: "qsys" instantiated altera_irq_mapper "irq_mapper"
Info: qsys: Done qsys" with 27 modules, 90 files, 1874805 bytes
Info: ip-generate succeeded.
Info: Finished: Create HDL design files for synthesis
